// Jest Snapshot v1, https://goo.gl/fbAQLP

exports[`should render ExpenseListItem correctly 1`] = `
<Link
  className="list-item"
  replace={false}
  to="/edit/1"
>
  <div>
    <h3
      className="list-item__title"
    >
      gum bills
    </h3>
    <span
      className="list-item__subtitle"
    >
      1st January, 1970
    </span>
  </div>
  <p
    className="list-item__data"
  >
    $10.00
  </p>
</Link>
`;
