// Jest Snapshot v1, https://goo.gl/fbAQLP

exports[`should render ExpenseList with empty array expenses prop 1`] = `
<div
  className="content-container"
>
  <div
    className="list-header"
  >
    <div
      className="show-for-mobile"
    >
      Expenses
    </div>
    <div
      className="show-for-desktop"
    >
      Expenses
    </div>
    <div
      className="show-for-desktop"
    >
      Amount
    </div>
  </div>
  <div
    className="list-item list-item--message"
  >
    <span>
      No expenses
    </span>
  </div>
</div>
`;

exports[`should render ExpenseList with expenses prop 1`] = `
<div
  className="content-container"
>
  <div
    className="list-header"
  >
    <div
      className="show-for-mobile"
    >
      Expenses
    </div>
    <div
      className="show-for-desktop"
    >
      Expenses
    </div>
    <div
      className="show-for-desktop"
    >
      Amount
    </div>
  </div>
  <ExpenseListItem
    amount={1000}
    createdAt={0}
    description="gum bills"
    id="1"
    key="1"
    note=""
  />
  <ExpenseListItem
    amount={100}
    createdAt={-345600000}
    description="rent"
    id="2"
    key="2"
    note=""
  />
  <ExpenseListItem
    amount={4550}
    createdAt={345600000}
    description="fees"
    id="3"
    key="3"
    note=""
  />
</div>
`;
