// Jest Snapshot v1, https://goo.gl/fbAQLP

exports[`should render Header component 1`] = `
ShallowWrapper {
  "length": 1,
  Symbol(enzyme.__root__): [Circular],
  Symbol(enzyme.__unrendered__): <Header />,
  Symbol(enzyme.__renderer__): Object {
    "batchedUpdates": [Function],
    "getNode": [Function],
    "render": [Function],
    "simulateEvent": [Function],
    "unmount": [Function],
  },
  Symbol(enzyme.__node__): Object {
    "instance": null,
    "key": undefined,
    "nodeType": "host",
    "props": Object {
      "children": Array [
        <span>
          Expensify
</span>,
        " |",
        <NavLink
          activeClassName="is-active"
          ariaCurrent="true"
          exact={true}
          to="/"
>
          Home
</NavLink>,
        " |",
        <NavLink
          activeClassName="is-active"
          ariaCurrent="true"
          to="/create"
>
          Create
</NavLink>,
        " |",
        <NavLink
          activeClassName="is-active"
          ariaCurrent="true"
          to="/help"
>
          Help
</NavLink>,
      ],
    },
    "ref": null,
    "rendered": Array [
      Object {
        "instance": null,
        "key": undefined,
        "nodeType": "host",
        "props": Object {
          "children": "Expensify",
        },
        "ref": null,
        "rendered": "Expensify",
        "type": "span",
      },
      " |",
      Object {
        "instance": null,
        "key": undefined,
        "nodeType": "function",
        "props": Object {
          "activeClassName": "is-active",
          "ariaCurrent": "true",
          "children": "Home",
          "exact": true,
          "to": "/",
        },
        "ref": null,
        "rendered": "Home",
        "type": [Function],
      },
      " |",
      Object {
        "instance": null,
        "key": undefined,
        "nodeType": "function",
        "props": Object {
          "activeClassName": "is-active",
          "ariaCurrent": "true",
          "children": "Create",
          "to": "/create",
        },
        "ref": null,
        "rendered": "Create",
        "type": [Function],
      },
      " |",
      Object {
        "instance": null,
        "key": undefined,
        "nodeType": "function",
        "props": Object {
          "activeClassName": "is-active",
          "ariaCurrent": "true",
          "children": "Help",
          "to": "/help",
        },
        "ref": null,
        "rendered": "Help",
        "type": [Function],
      },
    ],
    "type": "header",
  },
  Symbol(enzyme.__nodes__): Array [
    Object {
      "instance": null,
      "key": undefined,
      "nodeType": "host",
      "props": Object {
        "children": Array [
          <span>
            Expensify
</span>,
          " |",
          <NavLink
            activeClassName="is-active"
            ariaCurrent="true"
            exact={true}
            to="/"
>
            Home
</NavLink>,
          " |",
          <NavLink
            activeClassName="is-active"
            ariaCurrent="true"
            to="/create"
>
            Create
</NavLink>,
          " |",
          <NavLink
            activeClassName="is-active"
            ariaCurrent="true"
            to="/help"
>
            Help
</NavLink>,
        ],
      },
      "ref": null,
      "rendered": Array [
        Object {
          "instance": null,
          "key": undefined,
          "nodeType": "host",
          "props": Object {
            "children": "Expensify",
          },
          "ref": null,
          "rendered": "Expensify",
          "type": "span",
        },
        " |",
        Object {
          "instance": null,
          "key": undefined,
          "nodeType": "function",
          "props": Object {
            "activeClassName": "is-active",
            "ariaCurrent": "true",
            "children": "Home",
            "exact": true,
            "to": "/",
          },
          "ref": null,
          "rendered": "Home",
          "type": [Function],
        },
        " |",
        Object {
          "instance": null,
          "key": undefined,
          "nodeType": "function",
          "props": Object {
            "activeClassName": "is-active",
            "ariaCurrent": "true",
            "children": "Create",
            "to": "/create",
          },
          "ref": null,
          "rendered": "Create",
          "type": [Function],
        },
        " |",
        Object {
          "instance": null,
          "key": undefined,
          "nodeType": "function",
          "props": Object {
            "activeClassName": "is-active",
            "ariaCurrent": "true",
            "children": "Help",
            "to": "/help",
          },
          "ref": null,
          "rendered": "Help",
          "type": [Function],
        },
      ],
      "type": "header",
    },
  ],
  Symbol(enzyme.__options__): Object {
    "adapter": ReactSixteenAdapter {
      "options": Object {
        "enableComponentDidUpdateOnSetState": true,
      },
    },
  },
}
`;
